// Vitest Snapshot v1, https://vitest.dev/guide/snapshot.html

exports[`test > should render nothing 1`] = `<div />`;
